// Jest Snapshot v1, https://goo.gl/fbAQLP

exports[`Use cases of the Pokemon Page when the pokemon selected has a invalid color should render the BG with the default color 1`] = `
<div
  class="w-full relative flex flex-col border-2 border-gray-400 rounded"
  data-testid="pokemon-header"
>
  <svg
    class="relative bg-white-200 h-28 h-xl:h-44"
    preserveAspectRatio="xMidYMid"
  >
    <defs>
      <pattern
        height="197.12"
        id="pid-0.34793511445839975"
        patternUnits="userSpaceOnUse"
        width="197.12"
        x="0"
        y="0"
      >
        <g
          transform="scale(0.77)"
        >
          <g>
            <line
              stroke="#8fa4b3"
              stroke-linecap="round"
              stroke-width="30"
              x1="62.80916899133181"
              x2="52.72188636688772"
              y1="241.9526775577743"
              y2="252.03996018221838"
            />
            <line
              stroke="#8fa4b3"
              stroke-linecap="round"
              stroke-width="30"
              x1="62.80916899133181"
              x2="52.72188636688772"
              y1="-270.04732244222566"
              y2="-259.96003981778165"
            />
            <line
              stroke="#8fa4b3"
              stroke-linecap="round"
              stroke-width="30"
              x1="318.80916899133183"
              x2="308.7218863668877"
              y1="-270.04732244222566"
              y2="-259.96003981778165"
            />
            <line
              stroke="#8fa4b3"
              stroke-linecap="round"
              stroke-width="30"
              x1="574.8091689913318"
              x2="564.7218863668877"
              y1="-270.04732244222566"
              y2="-259.96003981778165"
            />
            <line
              stroke="#8fa4b3"
              stroke-linecap="round"
              stroke-width="30"
              x1="62.80916899133181"
              x2="52.72188636688772"
              y1="-14.047322442225692"
              y2="-3.9600398177816203"
            />
            <line
              stroke="#8fa4b3"
              stroke-linecap="round"
              stroke-width="30"
              x1="318.80916899133183"
              x2="308.7218863668877"
              y1="-14.047322442225692"
              y2="-3.9600398177816203"
            />
            <line
              stroke="#8fa4b3"
              stroke-linecap="round"
              stroke-width="30"
              x1="574.8091689913318"
              x2="564.7218863668877"
              y1="-14.047322442225692"
              y2="-3.9600398177816203"
            />
            <line
              stroke="#8fa4b3"
              stroke-linecap="round"
              stroke-width="30"
              x1="62.80916899133181"
              x2="52.72188636688772"
              y1="241.9526775577743"
              y2="252.03996018221838"
            />
            <line
              stroke="#8fa4b3"
              stroke-linecap="round"
              stroke-width="30"
              x1="318.80916899133183"
              x2="308.7218863668877"
              y1="241.9526775577743"
              y2="252.03996018221838"
            />
            <line
              stroke="#8fa4b3"
              stroke-linecap="round"
              stroke-width="30"
              x1="574.8091689913318"
              x2="564.7218863668877"
              y1="241.9526775577743"
              y2="252.03996018221838"
            />
            <animatetransform
              attributeName="transform"
              dur="3.7037037037037033s"
              keyTimes="0;1"
              repeatCount="indefinite"
              type="translate"
              values="0 0;-256 256"
            />
          </g>
          <g>
            <line
              stroke="#bac8d1"
              stroke-linecap="round"
              stroke-width="30"
              x1="33.508758677266506"
              x2="7.53579368051593"
              y1="242.2984558342752"
              y2="268.27142083102575"
            />
            <line
              stroke="#bac8d1"
              stroke-linecap="round"
              stroke-width="30"
              x1="33.508758677266506"
              x2="7.53579368051593"
              y1="-269.70154416572484"
              y2="-243.72857916897425"
            />
            <line
              stroke="#bac8d1"
              stroke-linecap="round"
              stroke-width="30"
              x1="289.5087586772665"
              x2="263.53579368051595"
              y1="-269.70154416572484"
              y2="-243.72857916897425"
            />
            <line
              stroke="#bac8d1"
              stroke-linecap="round"
              stroke-width="30"
              x1="545.5087586772665"
              x2="519.5357936805159"
              y1="-269.70154416572484"
              y2="-243.72857916897425"
            />
            <line
              stroke="#bac8d1"
              stroke-linecap="round"
              stroke-width="30"
              x1="33.508758677266506"
              x2="7.53579368051593"
              y1="-13.701544165724812"
              y2="12.27142083102575"
            />
            <line
              stroke="#bac8d1"
              stroke-linecap="round"
              stroke-width="30"
              x1="289.5087586772665"
              x2="263.53579368051595"
              y1="-13.701544165724812"
              y2="12.27142083102575"
            />
            <line
              stroke="#bac8d1"
              stroke-linecap="round"
              stroke-width="30"
              x1="545.5087586772665"
              x2="519.5357936805159"
              y1="-13.701544165724812"
              y2="12.27142083102575"
            />
            <line
              stroke="#bac8d1"
              stroke-linecap="round"
              stroke-width="30"
              x1="33.508758677266506"
              x2="7.53579368051593"
              y1="242.2984558342752"
              y2="268.27142083102575"
            />
            <line
              stroke="#bac8d1"
              stroke-linecap="round"
              stroke-width="30"
              x1="289.5087586772665"
              x2="263.53579368051595"
              y1="242.2984558342752"
              y2="268.27142083102575"
            />
            <line
              stroke="#bac8d1"
              stroke-linecap="round"
              stroke-width="30"
              x1="545.5087586772665"
              x2="519.5357936805159"
              y1="242.2984558342752"
              y2="268.27142083102575"
            />
            <animatetransform
              attributeName="transform"
              dur="1.8518518518518516s"
              keyTimes="0;1"
              repeatCount="indefinite"
              type="translate"
              values="0 0;-256 256"
            />
          </g>
          <g>
            <line
              stroke="#ebf1f5"
              stroke-linecap="round"
              stroke-width="30"
              x1="192.22666577535017"
              x2="161.46666697339697"
              y1="222.3516696115542"
              y2="253.1116684135074"
            />
            <line
              stroke="#ebf1f5"
              stroke-linecap="round"
              stroke-width="30"
              x1="192.22666577535017"
              x2="161.46666697339697"
              y1="-289.6483303884458"
              y2="-258.8883315864926"
            />
            <line
              stroke="#ebf1f5"
              stroke-linecap="round"
              stroke-width="30"
              x1="448.22666577535017"
              x2="417.46666697339697"
              y1="-289.6483303884458"
              y2="-258.8883315864926"
            />
            <line
              stroke="#ebf1f5"
              stroke-linecap="round"
              stroke-width="30"
              x1="704.2266657753502"
              x2="673.466666973397"
              y1="-289.6483303884458"
              y2="-258.8883315864926"
            />
            <line
              stroke="#ebf1f5"
              stroke-linecap="round"
              stroke-width="30"
              x1="192.22666577535017"
              x2="161.46666697339697"
              y1="-33.6483303884458"
              y2="-2.8883315864925976"
            />
            <line
              stroke="#ebf1f5"
              stroke-linecap="round"
              stroke-width="30"
              x1="448.22666577535017"
              x2="417.46666697339697"
              y1="-33.6483303884458"
              y2="-2.8883315864925976"
            />
            <line
              stroke="#ebf1f5"
              stroke-linecap="round"
              stroke-width="30"
              x1="704.2266657753502"
              x2="673.466666973397"
              y1="-33.6483303884458"
              y2="-2.8883315864925976"
            />
            <line
              stroke="#ebf1f5"
              stroke-linecap="round"
              stroke-width="30"
              x1="192.22666577535017"
              x2="161.46666697339697"
              y1="222.3516696115542"
              y2="253.1116684135074"
            />
            <line
              stroke="#ebf1f5"
              stroke-linecap="round"
              stroke-width="30"
              x1="448.22666577535017"
              x2="417.46666697339697"
              y1="222.3516696115542"
              y2="253.1116684135074"
            />
            <line
              stroke="#ebf1f5"
              stroke-linecap="round"
              stroke-width="30"
              x1="704.2266657753502"
              x2="673.466666973397"
              y1="222.3516696115542"
              y2="253.1116684135074"
            />
            <animatetransform
              attributeName="transform"
              dur="1.2345679012345678s"
              keyTimes="0;1"
              repeatCount="indefinite"
              type="translate"
              values="0 0;-256 256"
            />
          </g>
        </g>
      </pattern>
    </defs>
    <rect
      fill="url(#pid-0.34793511445839975)"
      height="322"
      width="1084"
      x="0"
      y="0"
    />
  </svg>
  <div
    class="absolute top-0 flex flex-col items-center w-full py-6 h-28 h-xl:h-44 lg:pb-12"
  >
    <img
      alt="bulbasaur"
      class="object-scale-down h-full animate-bounce"
      src="https://raw.githubusercontent.com/PokeAPI/sprites/master/sprites/pokemon/other/dream-world/1.svg"
    />
  </div>
  <span
    class="bottom-0 p-2 text-xs text-white bg-black lg:absolute bg-opacity-70"
  >
    A strange seed was
planted on its
back at birth.The plant sprouts
and grows with
this POKéMON.
  </span>
</div>
`;
